// Vitest Snapshot v1

exports[`tsx vue pinia > test mounted 1`] = `
"<div class=\\"container mx-auto\\">
  <div class=\\"hstack\\">
    <h1>Hello dmoosocool ~</h1>
    <p>your counter: 0</p>
  </div>
  <div class=\\"hstack\\" rss3:justify=\\"between\\"><button class=\\"plus-btn\\">+</button><button class=\\"minus-btn\\">-</button></div>
</div>"
`;
